[19:46:57] [SYSTEM] 🚀 Master Daemon Avviato. Premi [Ctrl+C] per fermarlo.
[19:46:57] [FINANCE] 💰 Settimana: €0.00/500 (0%) | Pipeline: €0.00
[19:46:57] [SCHEDULER] ━━━ Inizio Ciclo #1 ━━━
[19:46:57] [GMAIL] Controllo nuove risposte Email...
[19:57:57] [WHATSAPP] Controllo nuove risposte WhatsApp...
[19:58:59] [GIG_HUNTER] Scansione nuovi lavori remoti (Remotive, Himalayas, LinkedIn...)...
[19:59:29] [GIG_HUNTER] Trovati 399 lavori → 0 match di qualità
[19:59:29] [SCHEDULER] Ciclo completato. Pausa 10 minuti...
[20:09:02] [SYSTEM] 🚀 Master Daemon Avviato. Premi [Ctrl+C] per fermarlo.
[20:09:02] [FINANCE] 💰 Settimana: €0.00/500 (0%) | Pipeline: €0.00
[20:09:02] [SCHEDULER] ━━━ Inizio Ciclo #1 ━━━
[20:09:02] [GMAIL] Controllo nuove risposte Email...
[20:09:30] [SCHEDULER] ━━━ Inizio Ciclo #2 ━━━
[20:09:30] [GMAIL] Controllo nuove risposte Email...
[20:11:08] [SYSTEM] 🚀 Master Daemon Avviato. Premi [Ctrl+C] per fermarlo.
[20:11:08] [FINANCE] 💰 Settimana: €0.00/500 (0%) | Pipeline: €0.00
[20:11:08] [SCHEDULER] ━━━ Inizio Ciclo #1 ━━━
[20:11:08] [GMAIL] Controllo nuove risposte Email...
[20:19:19] [WHATSAPP] Controllo nuove risposte WhatsApp...
[20:20:01] [WHATSAPP] Controllo nuove risposte WhatsApp...
[20:20:02] [GIG_HUNTER] Scansione nuovi lavori remoti (Remotive, Himalayas, LinkedIn...)...
[20:20:22] [GIG_HUNTER] Scansione nuovi lavori remoti (Remotive, Himalayas, LinkedIn...)...
[20:20:31] [GIG_HUNTER] Trovati 399 lavori → 0 match di qualità
[20:20:31] [SCHEDULER] Ciclo completato. Pausa 10 minuti...
[20:20:43] [GIG_HUNTER] Trovati 398 lavori → 0 match di qualità
[20:20:43] [SCHEDULER] Ciclo completato. Pausa 10 minuti...
[20:30:31] [SCHEDULER] ━━━ Inizio Ciclo #2 ━━━
[20:30:31] [GMAIL] Controllo nuove risposte Email...
[20:30:43] [SCHEDULER] ━━━ Inizio Ciclo #3 ━━━
[20:30:43] [GMAIL] Controllo nuove risposte Email...
[20:32:29] [WHATSAPP] Controllo nuove risposte WhatsApp...
[20:33:31] [GIG_HUNTER] Scansione nuovi lavori remoti (Remotive, Himalayas, LinkedIn...)...
[20:33:57] [GIG_HUNTER] Trovati 399 lavori → 0 match di qualità
[20:33:57] [SCHEDULER] Ciclo completato. Pausa 10 minuti...
[20:41:29] [WHATSAPP] Controllo nuove risposte WhatsApp...
[20:41:51] [WHATSAPP] Controllo nuove risposte WhatsApp...
[20:41:52] [GIG_HUNTER] Scansione nuovi lavori remoti (Remotive, Himalayas, LinkedIn...)...
[20:42:15] [GIG_HUNTER] Trovati 400 lavori → 0 match di qualità
[20:42:15] [FREELANCER] Avvio cecchino su Freelancer.com...
[20:42:15] [FREELANCER] Errore Sniper: 'AICouncil' object has no attribute 'call_c_suite_manager'
[20:42:15] [SCHEDULER] Ciclo completato. Pausa 10 minuti...
[20:42:31] [GIG_HUNTER] Scansione nuovi lavori remoti (Remotive, Himalayas, LinkedIn...)...
[20:42:52] [GIG_HUNTER] Trovati 399 lavori → 0 match di qualità
[20:42:52] [SCHEDULER] Ciclo completato. Pausa 10 minuti...
[20:43:57] [SCHEDULER] ━━━ Inizio Ciclo #2 ━━━
[20:43:57] [GMAIL] Controllo nuove risposte Email...
[20:52:15] [SCHEDULER] ━━━ Inizio Ciclo #3 ━━━
[20:52:15] [GMAIL] Controllo nuove risposte Email...
[20:52:52] [SCHEDULER] ━━━ Inizio Ciclo #4 ━━━
[20:52:52] [GMAIL] Controllo nuove risposte Email...
[21:05:05] [WHATSAPP] Controllo nuove risposte WhatsApp...
[21:06:07] [GIG_HUNTER] Scansione nuovi lavori remoti (Remotive, Himalayas, LinkedIn...)...
[21:06:33] [GIG_HUNTER] Trovati 399 lavori → 0 match di qualità
[21:06:33] [FREELANCER] Avvio cecchino su Freelancer.com...
[21:06:33] [FREELANCER] Errore Sniper: 'AICouncil' object has no attribute 'call_c_suite_manager'
[21:06:33] [SCHEDULER] Ciclo completato. Pausa 10 minuti...
[21:16:33] [SCHEDULER] ━━━ Inizio Ciclo #3 ━━━
[21:16:33] [GMAIL] Controllo nuove risposte Email...
[21:17:09] [WHATSAPP] Controllo nuove risposte WhatsApp...
[21:18:12] [GIG_HUNTER] Scansione nuovi lavori remoti (Remotive, Himalayas, LinkedIn...)...
[21:18:34] [GIG_HUNTER] Trovati 399 lavori → 0 match di qualità
[21:18:34] [SCHEDULER] Ciclo completato. Pausa 10 minuti...
[21:19:19] [WHATSAPP] Controllo nuove risposte WhatsApp...
[21:20:20] [GIG_HUNTER] Scansione nuovi lavori remoti (Remotive, Himalayas, LinkedIn...)...
[21:20:46] [GIG_HUNTER] Trovati 398 lavori → 0 match di qualità
[21:20:46] [MAPS] Avvio rotazione nicchie Google Maps...
[21:25:33] [MAPS] Errore Maps Sniper: [Errno 22] Invalid argument: 'demos\\link_immobiliare_|_agenzia_immobiliare_roma_demo.html'
[21:25:33] [SCHEDULER] Ciclo completato. Pausa 10 minuti...
[21:28:34] [SCHEDULER] ━━━ Inizio Ciclo #4 ━━━
[21:28:34] [GMAIL] Controllo nuove risposte Email...
[21:33:11] [WHATSAPP] Controllo nuove risposte WhatsApp...
[21:34:14] [GIG_HUNTER] Scansione nuovi lavori remoti (Remotive, Himalayas, LinkedIn...)...
[21:34:35] [GIG_HUNTER] Trovati 399 lavori → 0 match di qualità
[21:34:35] [SCHEDULER] Ciclo completato. Pausa 10 minuti...
[21:35:34] [SCHEDULER] ━━━ Inizio Ciclo #5 ━━━
[21:35:34] [GMAIL] Controllo nuove risposte Email...
[21:42:43] [WHATSAPP] Controllo nuove risposte WhatsApp...
[21:43:46] [GIG_HUNTER] Scansione nuovi lavori remoti (Remotive, Himalayas, LinkedIn...)...
[21:44:07] [GIG_HUNTER] Trovati 399 lavori → 0 match di qualità
[21:44:07] [MAPS] Avvio rotazione nicchie Google Maps...
[21:44:35] [SCHEDULER] ━━━ Inizio Ciclo #4 ━━━
[21:44:35] [GMAIL] Controllo nuove risposte Email...
[21:45:39] [FREELANCER] Avvio cecchino su Freelancer.com...
[21:45:39] [FREELANCER] Errore Sniper: 'AICouncil' object has no attribute 'call_c_suite_manager'
[21:45:39] [SCHEDULER] Ciclo completato. Pausa 10 minuti...
[21:51:05] [WHATSAPP] Controllo nuove risposte WhatsApp...
[21:52:07] [GIG_HUNTER] Scansione nuovi lavori remoti (Remotive, Himalayas, LinkedIn...)...
[21:52:32] [GIG_HUNTER] Trovati 398 lavori → 0 match di qualità
[21:52:32] [SCHEDULER] Ciclo completato. Pausa 10 minuti...
[21:55:40] [SCHEDULER] ━━━ Inizio Ciclo #5 ━━━
[21:55:40] [GMAIL] Controllo nuove risposte Email...
[22:02:26] [WHATSAPP] Controllo nuove risposte WhatsApp...
[22:02:33] [SCHEDULER] ━━━ Inizio Ciclo #6 ━━━
[22:02:33] [GMAIL] Controllo nuove risposte Email...
[22:03:28] [GIG_HUNTER] Scansione nuovi lavori remoti (Remotive, Himalayas, LinkedIn...)...
[22:03:51] [GIG_HUNTER] Trovati 399 lavori → 0 match di qualità
[22:03:51] [MAPS] Avvio rotazione nicchie Google Maps...
[22:05:13] [FREELANCER] Avvio cecchino su Freelancer.com...
[22:05:13] [FREELANCER] Errore Sniper: 'AICouncil' object has no attribute 'call_c_suite_manager'
[22:05:13] [SCHEDULER] Ciclo completato. Pausa 10 minuti...
[22:15:13] [SCHEDULER] ━━━ Inizio Ciclo #5 ━━━
[22:15:13] [GMAIL] Controllo nuove risposte Email...
[22:17:20] [WHATSAPP] Controllo nuove risposte WhatsApp...
[22:18:23] [GIG_HUNTER] Scansione nuovi lavori remoti (Remotive, Himalayas, LinkedIn...)...
[22:18:47] [GIG_HUNTER] Trovati 400 lavori → 0 match di qualità
[22:18:47] [SCHEDULER] Ciclo completato. Pausa 10 minuti...
[22:23:53] [WHATSAPP] Controllo nuove risposte WhatsApp...
[22:24:55] [GIG_HUNTER] Scansione nuovi lavori remoti (Remotive, Himalayas, LinkedIn...)...
[22:25:23] [GIG_HUNTER] Trovati 399 lavori → 0 match di qualità
[22:25:23] [REAL_ESTATE] Avvio scansione portali immobiliari...
[22:25:40] [SCHEDULER] Ciclo completato. Pausa 10 minuti...
[22:28:47] [SCHEDULER] ━━━ Inizio Ciclo #6 ━━━
[22:28:47] [GMAIL] Controllo nuove risposte Email...
[22:35:41] [SCHEDULER] ━━━ Inizio Ciclo #7 ━━━
[22:35:41] [GMAIL] Controllo nuove risposte Email...
[22:39:03] [WHATSAPP] Controllo nuove risposte WhatsApp...
[22:40:05] [GIG_HUNTER] Scansione nuovi lavori remoti (Remotive, Himalayas, LinkedIn...)...
[22:40:27] [GIG_HUNTER] Trovati 398 lavori → 0 match di qualità
[22:40:27] [SCHEDULER] Ciclo completato. Pausa 10 minuti...
[22:50:27] [SCHEDULER] ━━━ Inizio Ciclo #6 ━━━
[22:50:27] [GMAIL] Controllo nuove risposte Email...
[22:52:18] [WHATSAPP] Controllo nuove risposte WhatsApp...
[22:53:20] [GIG_HUNTER] Scansione nuovi lavori remoti (Remotive, Himalayas, LinkedIn...)...
[22:53:39] [GIG_HUNTER] Trovati 398 lavori → 0 match di qualità
[22:53:39] [REAL_ESTATE] Avvio scansione portali immobiliari...
[22:53:53] [FREELANCER] Avvio cecchino su Freelancer.com...
[22:53:54] [FREELANCER] Errore Sniper: 'AICouncil' object has no attribute 'call_c_suite_manager'
[22:53:54] [SCHEDULER] Ciclo completato. Pausa 10 minuti...
[22:55:59] [WHATSAPP] Controllo nuove risposte WhatsApp...
[22:57:01] [GIG_HUNTER] Scansione nuovi lavori remoti (Remotive, Himalayas, LinkedIn...)...
[22:57:22] [GIG_HUNTER] Trovati 398 lavori → 0 match di qualità
[22:57:22] [SCHEDULER] Ciclo completato. Pausa 10 minuti...
[23:03:54] [SCHEDULER] ━━━ Inizio Ciclo #7 ━━━
[23:03:54] [GMAIL] Controllo nuove risposte Email...
[23:07:23] [SCHEDULER] ━━━ Inizio Ciclo #8 ━━━
[23:07:23] [GMAIL] Controllo nuove risposte Email...
[23:11:09] [WHATSAPP] Controllo nuove risposte WhatsApp...
[23:12:11] [GIG_HUNTER] Scansione nuovi lavori remoti (Remotive, Himalayas, LinkedIn...)...
[23:12:35] [GIG_HUNTER] Trovati 398 lavori → 0 match di qualità
[23:12:35] [REAL_ESTATE] Avvio scansione portali immobiliari...
[23:12:49] [FREELANCER] Avvio cecchino su Freelancer.com...
[23:12:50] [FREELANCER] Errore Sniper: 'AICouncil' object has no attribute 'call_c_suite_manager'
[23:12:50] [SCHEDULER] Ciclo completato. Pausa 10 minuti...
[23:22:50] [SCHEDULER] ━━━ Inizio Ciclo #7 ━━━
[23:22:50] [GMAIL] Controllo nuove risposte Email...
[23:24:56] [WHATSAPP] Controllo nuove risposte WhatsApp...
[23:25:59] [GIG_HUNTER] Scansione nuovi lavori remoti (Remotive, Himalayas, LinkedIn...)...
[23:26:25] [GIG_HUNTER] Trovati 399 lavori → 0 match di qualità
[23:26:25] [SCHEDULER] Ciclo completato. Pausa 10 minuti...
[23:30:48] [WHATSAPP] Controllo nuove risposte WhatsApp...
[23:31:50] [GIG_HUNTER] Scansione nuovi lavori remoti (Remotive, Himalayas, LinkedIn...)...
[23:32:13] [GIG_HUNTER] Trovati 399 lavori → 0 match di qualità
[23:32:13] [MAPS] Avvio rotazione nicchie Google Maps...
[23:33:28] [SCHEDULER] Ciclo completato. Pausa 10 minuti...
[23:36:26] [SCHEDULER] ━━━ Inizio Ciclo #8 ━━━
[23:36:26] [GMAIL] Controllo nuove risposte Email...
[23:43:28] [SCHEDULER] ━━━ Inizio Ciclo #9 ━━━
[23:43:28] [GMAIL] Controllo nuove risposte Email...
[23:47:15] [WHATSAPP] Controllo nuove risposte WhatsApp...
[23:48:17] [GIG_HUNTER] Scansione nuovi lavori remoti (Remotive, Himalayas, LinkedIn...)...
[23:48:43] [GIG_HUNTER] Trovati 400 lavori → 0 match di qualità
[23:48:43] [SCHEDULER] Ciclo completato. Pausa 10 minuti...
[23:58:43] [SCHEDULER] ━━━ Inizio Ciclo #8 ━━━
[23:58:43] [GMAIL] Controllo nuove risposte Email...
[23:59:28] [WHATSAPP] Controllo nuove risposte WhatsApp...
